---
source: frost-ecgfp5/tests/serialization_tests.rs
expression: "hex::encode(&bytes)"
---
0005acfd1df6ff833132f3afa289350c9d68c9824d1302e8ef4c5555d55c555555505555d5575555d5a9aaaa2af6ff833132f3afa289350c9d68c9824d1302e8ef4c5555d55c555555505555d5575555d5a9aaaa2a0005acfd1d95959522cb1c3584a00dd150a7b0a038c8ae1aa39b7da1f7fa6e9ae4f02f76c47291472c42d7f16895959522cb1c3584a00dd150a7b0a038c8ae1aa39b7da1f7fa6e9ae4f02f76c47291472c42d7f168
