---
source: frost-secp256k1/tests/serialization_tests.rs
expression: "hex::encode(&bytes)"
---
00eed6b1b1aaaaaaaaaaaaaaaaaaaaaaaaaaaaaaa9d1c9e899ca306ad27fe1945de0242b81
