---
source: frost-secp256k1/tests/serialization_tests.rs
expression: "hex::encode(&bytes)"
---
00eed6b1b1000000000000000000000000000000000000000000000000000000000000002aaaaaaaaaaaaaaaaaaaaaaaaaaaaaaaa9d1c9e899ca306ad27fe1945de0242b810279be667ef9dcbbac55a06295ce870b07029bfcdb2dce28d959f2815b16f817980279be667ef9dcbbac55a06295ce870b07029bfcdb2dce28d959f2815b16f8179802
