---
source: frost-ecgfp5/tests/serialization_tests.rs
expression: "hex::encode(&bytes)"
---
0005acfd1d04000000000000000000000000000000000000000000000000000000000000000000000000000000384c87fe1213197f4e1b457e9d43548fc00067c00ee5c1d872895e08ab103be54336d3d4b9d5bc8c
