---
source: frost-ecgfp5/tests/serialization_tests.rs
expression: "hex::encode(&bytes)"
---
0005acfd1d01040000000000000000000000000000000000000000000000000000000000000000000000000000005004000000000000000000000000000000000000000000000000000000000000000000000000000000f6ff833132f3afa289350c9d68c9824d1302e8ef4c5555d55c555555505555d5575555d5a9aaaa2a
