---
source: frost-secp256k1-evm/tests/serialization_tests.rs
expression: "hex::encode(&bytes)"
---
004691fb7baaaaaaaaaaaaaaaaaaaaaaaaaaaaaaa9d1c9e899ca306ad27fe1945de0242b81aaaaaaaaaaaaaaaaaaaaaaaaaaaaaaa9d1c9e899ca306ad27fe1945de0242b81004691fb7b034c7ff4f2ba8603998339c8e42675ceac23ef2e9623fdb260b24b1c944a2ea1a9034c7ff4f2ba8603998339c8e42675ceac23ef2e9623fdb260b24b1c944a2ea1a9
