---
source: frost-secp256k1-evm/tests/serialization_tests.rs
expression: "hex::encode(&bytes)"
---
004691fb7baaaaaaaaaaaaaaaaaaaaaaaaaaaaaaa9d1c9e899ca306ad27fe1945de0242b81
