---
source: frost-ed448/tests/serialization_tests.rs
expression: "hex::encode(&bytes)"
---
005a064cfd012a000000000000000000000000000000000000000000000000000000000000000000000000000000000000000000000000000000000000000014fa30f25b790898adc8d74e2c13bdfdc4397ce61cffd33ad7c2a0051e9c78874098a36c7373ea4b62c7c9563720768824bcb66e71463f690014fa30f25b790898adc8d74e2c13bdfdc4397ce61cffd33ad7c2a0051e9c78874098a36c7373ea4b62c7c9563720768824bcb66e71463f6900
