---
source: frost-ed448/tests/serialization_tests.rs
expression: "hex::encode(&bytes)"
---
005a064cfd0114fa30f25b790898adc8d74e2c13bdfdc4397ce61cffd33ad7c2a0051e9c78874098a36c7373ea4b62c7c9563720768824bcb66e71463f69007214fa30f25b790898adc8d74e2c13bdfdc4397ce61cffd33ad7c2a0051e9c78874098a36c7373ea4b62c7c9563720768824bcb66e71463f69004d83e51cb78150c2380ad9b3a18148166024e4c9db3cdf82466d3153aaaaaaaaaaaaaaaaaaaaaaaaaaaaaaaaaaaaaaaaaaaaaaaaaaaaaa2a00
