---
source: frost-ed448/tests/serialization_tests.rs
expression: "hex::encode(&bytes)"
---
005a064cfd012a0000000000000000000000000000000000000000000000000000000000000000000000000000000000000000000000000000000000000000005a064cfd14fa30f25b790898adc8d74e2c13bdfdc4397ce61cffd33ad7c2a0051e9c78874098a36c7373ea4b62c7c9563720768824bcb66e71463f6900ed8693eacdfbeada6ba0cdd1beb2bcbb98302a3a8365650db8c4d88a726de3b7d74d8835a0d76e03b0c2865020d659b38d04d74a63e905ae800b68656c6c6f20776f726c64
