---
source: frost-ed448/tests/serialization_tests.rs
expression: "hex::encode(&bytes)"
---
005a064cfd4d83e51cb78150c2380ad9b3a18148166024e4c9db3cdf82466d3153aaaaaaaaaaaaaaaaaaaaaaaaaaaaaaaaaaaaaaaaaaaaaaaaaaaaaa2a00
