---
source: frost-ed448/tests/serialization_tests.rs
expression: "hex::encode(&bytes)"
---
005a064cfd4d83e51cb78150c2380ad9b3a18148166024e4c9db3cdf82466d3153aaaaaaaaaaaaaaaaaaaaaaaaaaaaaaaaaaaaaaaaaaaaaaaaaaaaaa2a004d83e51cb78150c2380ad9b3a18148166024e4c9db3cdf82466d3153aaaaaaaaaaaaaaaaaaaaaaaaaaaaaaaaaaaaaaaaaaaaaaaaaaaaaa2a00005a064cfd0e04abea2bff79d5b6223b84b0a9323e0ef8572c7d0afd1fd5e4535ae6823e352ee239ad5f5981eb0c23292fb88bc55fe969957103c0c002800e04abea2bff79d5b6223b84b0a9323e0ef8572c7d0afd1fd5e4535ae6823e352ee239ad5f5981eb0c23292fb88bc55fe969957103c0c00280
