---
source: frost-secp256k1-tr/tests/serialization_tests.rs
expression: "hex::encode(&bytes)"
---
00230f8ab301000000000000000000000000000000000000000000000000000000000000002a00230f8ab30279be667ef9dcbbac55a06295ce870b07029bfcdb2dce28d959f2815b16f8179802c6047f9441ed7d6d3045406e95c07cd85c778e4b8cef3ca7abac09b95c709ee50b68656c6c6f20776f726c64
