---
source: frost-secp256k1-tr/tests/serialization_tests.rs
expression: "hex::encode(&bytes)"
---
00230f8ab301000000000000000000000000000000000000000000000000000000000000002a0279be667ef9dcbbac55a06295ce870b07029bfcdb2dce28d959f2815b16f817980279be667ef9dcbbac55a06295ce870b07029bfcdb2dce28d959f2815b16f81798
