---
source: frost-secp256k1-tr/tests/serialization_tests.rs
expression: "hex::encode(bytes)"
---
aaaaaaaaaaaaaaaaaaaaaaaaaaaaaaa9d1c9e899ca306ad27fe1945de0242b81
