---
source: frost-secp256k1-tr/tests/serialization_tests.rs
expression: "hex::encode(&bytes)"
---
000000000000000000000000000000000000000000000000000000000000002a010279be667ef9dcbbac55a06295ce870b07029bfcdb2dce28d959f2815b16f81798aaaaaaaaaaaaaaaaaaaaaaaaaaaaaaa9d1c9e899ca306ad27fe1945de0242b810203
