---
source: frost-secp256k1-tr/tests/serialization_tests.rs
expression: "hex::encode(&bytes)"
---
00230f8ab3000000000000000000000000000000000000000000000000000000000000002aaaaaaaaaaaaaaaaaaaaaaaaaaaaaaaa9d1c9e899ca306ad27fe1945de0242b81010279be667ef9dcbbac55a06295ce870b07029bfcdb2dce28d959f2815b16f81798
