---
source: frost-p256/tests/serialization_tests.rs
expression: "hex::encode(&bytes)"
---
00a132f0c9000000000000000000000000000000000000000000000000000000000000002aaaaaaaaa00000000aaaaaaaaaaaaaaaa7def51c91a0fbf034d26872ca84218e101036b17d1f2e12c4247f8bce6e563a440f277037d812deb33a0f4a13945d898c296
