---
source: frost-p256/tests/serialization_tests.rs
expression: "hex::encode(&bytes)"
---
00a132f0c901000000000000000000000000000000000000000000000000000000000000002a036b17d1f2e12c4247f8bce6e563a440f277037d812deb33a0f4a13945d898c296036b17d1f2e12c4247f8bce6e563a440f277037d812deb33a0f4a13945d898c296
