---
source: frost-p256/tests/serialization_tests.rs
expression: "hex::encode(&bytes)"
---
00a132f0c901000000000000000000000000000000000000000000000000000000000000002a00a132f0c9036b17d1f2e12c4247f8bce6e563a440f277037d812deb33a0f4a13945d898c296037cf27b188d034f7e8a52380304b51ac3c08969e277f21b35a60b48fc476699780b68656c6c6f20776f726c64
