---
source: frost-p256/tests/serialization_tests.rs
expression: "hex::encode(&bytes)"
---
00a132f0c9aaaaaaaa00000000aaaaaaaaaaaaaaaa7def51c91a0fbf034d26872ca84218e1
