---
source: frost-ristretto255/tests/serialization_tests.rs
expression: "hex::encode(&bytes)"
---
00d76ecff5012a00000000000000000000000000000000000000000000000000000000000000e2f2ae0a6abc4e71a884a961c500515f58e30b6aa582dd8db6a65945e08d2d76e2f2ae0a6abc4e71a884a961c500515f58e30b6aa582dd8db6a65945e08d2d76
