---
source: frost-ed25519/tests/serialization_tests.rs
expression: "hex::encode(&bytes)"
---
00b169f0da012a00000000000000000000000000000000000000000000000000000000000000586666666666666666666666666666666666666666666666666666666666666658666666666666666666666666666666666666666666666666666666666666660102
