---
source: frost-ed25519/tests/serialization_tests.rs
expression: "hex::encode(&bytes)"
---
00b169f0da2a00000000000000000000000000000000000000000000000000000000000000498d4e9311420c903913a56c94a694b8aaaaaaaaaaaaaaaaaaaaaaaaaaaaaa0a015866666666666666666666666666666666666666666666666666666666666666
