---
source: frost-ed25519/tests/serialization_tests.rs
expression: "hex::encode(&bytes)"
---
2a0000000000000000000000000000000000000000000000000000000000000002498d4e9311420c903913a56c94a694b8aaaaaaaaaaaaaaaaaaaaaaaaaaaaaa0a498d4e9311420c903913a56c94a694b8aaaaaaaaaaaaaaaaaaaaaaaaaaaaaa0a0158666666666666666666666666666666666666666666666666666666666666660203
