---
source: frost-ed25519/tests/serialization_tests.rs
expression: "hex::encode(&bytes)"
---
00b169f0da015866666666666666666666666666666666666666666666666666666666666666405866666666666666666666666666666666666666666666666666666666666666498d4e9311420c903913a56c94a694b8aaaaaaaaaaaaaaaaaaaaaaaaaaaaaa0a
