---
source: frost-ed25519/tests/serialization_tests.rs
expression: "hex::encode(&bytes)"
---
00b169f0da012a0000000000000000000000000000000000000000000000000000000000000000b169f0da5866666666666666666666666666666666666666666666666666666666666666c9a3f86aae465f0e56513864510f3997561fa2c9e85ea21dc2292309f3cd60220b68656c6c6f20776f726c64
