---
source: frost-ed25519/tests/serialization_tests.rs
expression: "hex::encode(&bytes)"
---
2a00000000000000000000000000000000000000000000000000000000000000015866666666666666666666666666666666666666666666666666666666666666498d4e9311420c903913a56c94a694b8aaaaaaaaaaaaaaaaaaaaaaaaaaaaaa0a0203
