---
source: frost-ed25519/tests/serialization_tests.rs
expression: "hex::encode(&bytes)"
---
00b169f0da498d4e9311420c903913a56c94a694b8aaaaaaaaaaaaaaaaaaaaaaaaaaaaaa0a498d4e9311420c903913a56c94a694b8aaaaaaaaaaaaaaaaaaaaaaaaaaaaaa0a00b169f0daa57766449a934461866051263c8785663857640e5a32d702f21e085bc31a0283a57766449a934461866051263c8785663857640e5a32d702f21e085bc31a0283
