---
source: frost-ed25519/tests/serialization_tests.rs
expression: "hex::encode(&bytes)"
---
00b169f0da012a0000000000000000000000000000000000000000000000000000000000000058666666666666666666666666666666666666666666666666666666666666665866666666666666666666666666666666666666666666666666666666666666
